[horizon-festival.lndo.site/index/index.html]
[backblue.gif]
[fade.gif]
[index.html]
[horizon-festival.lndo.site/sites/all/themes/melon/favicon/index.ico]
[horizon-festival.lndo.site/modules/system/system.base/index.css]
[horizon-festival.lndo.site/sites/all/libraries/slick/slick/slick/index.css]
[horizon-festival.lndo.site/modules/field/theme/field/index.css]
[horizon-festival.lndo.site/sites/all/modules/contrib/geofield_gmap/geofield_gmap/index.css]
[horizon-festival.lndo.site/sites/all/modules/contrib/picture/picture_wysiwyg/index.css]
[horizon-festival.lndo.site/modules/search/search/index.css]
[horizon-festival.lndo.site/sites/all/modules/contrib/views/css/views/index.css]
[horizon-festival.lndo.site/sites/all/modules/contrib/ckeditor/css/ckeditor/index.css]
[horizon-festival.lndo.site/sites/all/modules/contrib/ctools/css/ctools/index.css]
[horizon-festival.lndo.site/sites/all/modules/contrib/flag/theme/flag/index.css]
[horizon-festival.lndo.site/sites/all/modules/contrib/addtoany/addtoany/index.css]
[horizon-festival.lndo.site/sites/all/themes/melon/dist/styles/main/index.css]
[horizon-festival.lndo.site/sites/all/themes/melon/dist/styles/fonts/index.css]
[horizon-festival.lndo.site/sites/all/modules/contrib/jquery_update/replace/jquery/1.10/jquery.min/index.js]
[horizon-festival.lndo.site/misc/jquery-extend-3.4.0/index.js]
[horizon-festival.lndo.site/misc/jquery.once/index.js]
[horizon-festival.lndo.site/misc/drupal/index.js]
[horizon-festival.lndo.site/sites/all/libraries/slick/slick/slick.min/index.js]
[horizon-festival.lndo.site/sites/all/modules/contrib/jquery_update/replace/ui/external/jquery.cookie/index.js]
[horizon-festival.lndo.site/sites/all/modules/contrib/jquery_update/replace/misc/jquery.form.min/index.js]
[horizon-festival.lndo.site/sites/all/libraries/history.js/scripts/bundled/html4+html5/jquery.history/index.js]
[horizon-festival.lndo.site/misc/ajax/index.js]
[horizon-festival.lndo.site/sites/all/modules/contrib/jquery_update/js/jquery_update/index.js]
[horizon-festival.lndo.site/sites/all/modules/contrib/geofield_gmap/geofield_gmap/index.js]
[horizon-festival.lndo.site/sites/all/modules/contrib/slick/js/slick.load.min/index.js]
[horizon-festival.lndo.site/sites/all/modules/contrib/flag/theme/flag/index.js]
[horizon-festival.lndo.site/sites/all/modules/contrib/views/js/base/index.js]
[horizon-festival.lndo.site/misc/progress/index.js]
[horizon-festival.lndo.site/sites/all/modules/contrib/views/js/ajax_view/index.js]
[horizon-festival.lndo.site/sites/all/modules/contrib/views_ajax_history/views_ajax_history/index.js]
[horizon-festival.lndo.site/sites/all/themes/melon/dist/scripts/main/index.js]
[horizon-festival.lndo.site/sites/all/themes/melon/logo-2020-black/index.svg]
[horizon-festival.lndo.site/whats-on/index.html]
[horizon-festival.lndo.site/about/index.html]
[horizon-festival.lndo.site/news/index.html]
[horizon-festival.lndo.site/our-partners/index.html]
[horizon-festival.lndo.site/media/index.html]
[horizon-festival.lndo.site/contact-us/index.html]
[horizon-festival.lndo.site/sites/default/files/styles/fullwidth/public/DJI_0489-Pano_1/index.jpg]
[horizon-festival.lndo.site/news/about-open-air/index.html]
[horizon-festival.lndo.site/sites/default/files/styles/fullwidth/public/HorizonFestival_Homegrown_1/index.jpg]
[horizon-festival.lndo.site/news/about-homegrown/index.html]
[horizon-festival.lndo.site/sites/default/files/styles/fullwidth/public/DawnAwakening052_HorizonFestival2018_BenVosProductions/index.jpg]
[horizon-festival.lndo.site/news/about-rewind/index.html]
[horizon-festival.lndo.site/sites/default/files/styles/fullwidth/public/Leah Barclay Acoustic Ecology/index.jpg]
[horizon-festival.lndo.site/news/about-words-ideas/index.html]
[horizon-festival.lndo.site/event/climate-change/index.html]
[horizon-festival.lndo.site/sites/all/themes/melon/dist/images/teaser-block-blank/index.png]
[horizon-festival.lndo.site/sites/default/files/styles/teaser_box/public/events/ACOC-Hero/index.jpg]
[horizon-festival.lndo.site/sites/default/files/styles/teaser_box/public/events/What-Now-Hero/index.jpg]
[horizon-festival.lndo.site/event/what-now/index.html]
[horizon-festival.lndo.site/event/open-air-katie-noonan-louise-king/index.html]
[horizon-festival.lndo.site/sites/default/files/styles/teaser_box/public/events/Open-Air-Hero-4/index.jpg]
[horizon-festival.lndo.site/event/dawn-awakening/index.html]
[horizon-festival.lndo.site/sites/default/files/styles/teaser_box/public/events/Website-Feature-Tile-Template_10/index.jpg]
[horizon-festival.lndo.site/event/open-air-the-dreggs/index.html]
[horizon-festival.lndo.site/sites/default/files/styles/teaser_box/public/events/Website-Feature-Tile-Template_9/index.jpg]
[horizon-festival.lndo.site/event/transience/index.html]
[horizon-festival.lndo.site/sites/default/files/styles/teaser_box/public/events/Website-Feature-Tile-Template_12/index.jpg]
[horizon-festival.lndo.site/event/blak-social/index.html]
[horizon-festival.lndo.site/sites/default/files/styles/teaser_box/public/events/Website-Feature-Tile-Template_13/index.jpg]
[horizon-festival.lndo.site/event/trace/index.html]
[horizon-festival.lndo.site/sites/default/files/styles/teaser_box/public/events/Website-Feature-Tile-Template_11/index.jpg]
[horizon-festival.lndo.site/news/meet-our-placeholder-peoples-choice-winner/index.html]
[horizon-festival.lndo.site/sites/default/files/styles/teaser_box/public/Placeholder-mockup7_1/index.jpg]
[horizon-festival.lndo.site/sites/default/files/styles/teaser_box/public/events/Website-Feature-Tile-Template_7/index.jpg]
[horizon-festival.lndo.site/news/get-ready-to-rock/index.html]
[horizon-festival.lndo.site/news/meet-manning-daly/index.html]
[horizon-festival.lndo.site/sites/default/files/styles/teaser_box/public/Manning-Daly/index.jpg]
[horizon-festival.lndo.site/news/meet-our-placeholder-winner/index.html]
[horizon-festival.lndo.site/sites/default/files/styles/teaser_box/public/Placeholder_0/index.jpg]
[horizon-festival.lndo.site/sites/all/themes/melon/dist/images/stayuptodate/index.png]
[horizon-festival.lndo.site/sites/all/themes/melon/dist/images/partner-logos/Sunshine-Coast-Council-logo/index.svg]
[horizon-festival.lndo.site/terms-use/index.html]
[horizon-festival.lndo.site/image-policy/index.html]
[horizon-festival.lndo.site/privacy-policy/index.html]
[horizon-festival.lndo.site/sites/all/modules/contrib/picture/picturefill2/picturefill.min/index.js]
[horizon-festival.lndo.site/sites/all/modules/contrib/picture/picture.min/index.js]
[horizon-festival.lndo.site/index/index.html]
[horizon-festival.lndo.site/misc/throbber-inactive/index.png]
[horizon-festival.lndo.site/misc/throbber-active/index.gif]
[horizon-festival.lndo.site/misc/grippie/index.png]
[horizon-festival.lndo.site/misc/draggable/index.png]
[horizon-festival.lndo.site/misc/tree/index.png]
[horizon-festival.lndo.site/misc/tree-bottom/index.png]
[horizon-festival.lndo.site/modules/system/system.base/index.css]
[horizon-festival.lndo.site/sites/all/libraries/slick/slick/slick/index.css]
[horizon-festival.lndo.site/modules/field/theme/field/index.css]
[horizon-festival.lndo.site/sites/all/modules/contrib/geofield_gmap/geofield_gmap/index.css]
[horizon-festival.lndo.site/sites/all/modules/contrib/picture/picture_wysiwyg/index.css]
[horizon-festival.lndo.site/modules/search/search/index.css]
[horizon-festival.lndo.site/sites/all/modules/contrib/views/css/views/index.css]
[horizon-festival.lndo.site/sites/all/modules/contrib/ckeditor/css/ckeditor/index.css]
[horizon-festival.lndo.site/sites/all/modules/contrib/ctools/images/status-active/index.gif]
[horizon-festival.lndo.site/sites/all/modules/contrib/ctools/css/ctools/index.css]
[horizon-festival.lndo.site/sites/all/modules/contrib/flag/theme/flag-throbber/index.gif]
[horizon-festival.lndo.site/sites/all/modules/contrib/flag/theme/flag/index.css]
[horizon-festival.lndo.site/sites/all/modules/contrib/addtoany/addtoany/index.css]
[horizon-festival.lndo.site/sites/all/themes/melon/dist/images/icons/icon-caret-down-solid/index.svg]
[horizon-festival.lndo.site/sites/all/themes/melon/dist/styles/main/index.css]
[horizon-festival.lndo.site/sites/all/themes/melon/dist/styles/fonts/index.css]
[horizon-festival.lndo.site/sites/all/themes/melon/logo-2020-black/index.svg]
[horizon-festival.lndo.site/sites/all/libraries/chosen/chosen/index.css]
[horizon-festival.lndo.site/sites/all/modules/contrib/chosen/css/chosen-drupal/index.css]
[horizon-festival.lndo.site/sites/all/libraries/chosen/chosen.jquery.min/index.js]
[horizon-festival.lndo.site/sites/all/modules/contrib/better_exposed_filters/better_exposed_filters/index.js]
[horizon-festival.lndo.site/sites/all/modules/contrib/ctools/js/auto-submit/index.js]
[horizon-festival.lndo.site/sites/all/modules/contrib/chosen/chosen/index.js]
[horizon-festival.lndo.site/event/open-air-deline-briscoe/index.html]
[horizon-festival.lndo.site/sites/default/files/styles/teaser_box/public/events/Website-Feature-Tile-Template_2/index.jpg]
[horizon-festival.lndo.site/event/galaxy-suns/index.html]
[horizon-festival.lndo.site/sites/default/files/styles/teaser_box/public/events/Galaxy-Tile/index.jpg]
[horizon-festival.lndo.site/sites/default/files/styles/teaser_box/public/events/The-Bunker-Hero/index.jpg]
[horizon-festival.lndo.site/event/bunker-down-speak-out-heat-1/index.html]
[horizon-festival.lndo.site/event/plastic-belly/index.html]
[horizon-festival.lndo.site/sites/default/files/styles/teaser_box/public/events/Website-Feature-Tile-Template_3/index.jpg]
[horizon-festival.lndo.site/event/art-x-activism/index.html]
[horizon-festival.lndo.site/sites/default/files/styles/teaser_box/public/events/Website-Feature-Tile-Template_4/index.jpg]
[horizon-festival.lndo.site/forest-pocket/index.html]
[horizon-festival.lndo.site/sites/default/files/styles/teaser_box/public/events/FIMP-Hero/index.jpg]
[horizon-festival.lndo.site/event/elements/index.html]
[horizon-festival.lndo.site/sites/default/files/styles/teaser_box/public/events/Website-Feature-Tile-Template_0/index.jpg]
[horizon-festival.lndo.site/event/bunker-down-speak-out-heat-2/index.html]
[horizon-festival.lndo.site/sites/default/files/styles/teaser_box/public/events/Website-Feature-Tile-Template_5/index.jpg]
[horizon-festival.lndo.site/sites/default/files/styles/teaser_box/public/events/Website-Feature-Tile-Template/index.jpg]
[horizon-festival.lndo.site/event/listening-in-the-wild/index.html]
[horizon-festival.lndo.site/event/parametric/index.html]
[horizon-festival.lndo.site/sites/default/files/styles/teaser_box/public/events/Website-Feature-Tile-Template_6/index.jpg]
[horizon-festival.lndo.site/sites/default/files/styles/teaser_box/public/events/Love-Notes-Hero-6/index.jpg]
[horizon-festival.lndo.site/event/love-note-to-the-landscape/index.html]
[horizon-festival.lndo.site/event/field-trip/index.html]
[horizon-festival.lndo.site/sites/default/files/styles/teaser_box/public/events/Website-Feature-Tile-Template_8/index.jpg]
[horizon-festival.lndo.site/event/coast-to-coast/index.html]
[horizon-festival.lndo.site/sites/default/files/styles/teaser_box/public/events/Website-Feature-Tile-Template_15/index.jpg]
[horizon-festival.lndo.site/event/bunker-down-speak-out-grand-final/index.html]
[horizon-festival.lndo.site/sites/default/files/styles/teaser_box/public/events/Website-Feature-Tile-Template-1/index.jpg]
[horizon-festival.lndo.site/event/placeholder-peoples-choice/index.html]
[horizon-festival.lndo.site/sites/default/files/styles/teaser_box/public/events/Placeholder-mockup5_0/index.jpg]
[horizon-festival.lndo.site/school-of-rock/index.html]
[horizon-festival.lndo.site/whats-on/index.html]
[horizon-festival.lndo.site/sites/all/modules/contrib/views_infinite_scroll/views-infinite-scroll/index.js]
[horizon-festival.lndo.site/node/965/index.html]
[horizon-festival.lndo.site/sites/default/files/AboutUs2020_0/index.jpg]
[horizon-festival.lndo.site/sites/default/files/styles/fullwidth/public/AboutUs2020_0/index.jpg]
[horizon-festival.lndo.site/about/index.html]
[horizon-festival.lndo.site/node/756/index.html]
[horizon-festival.lndo.site/news/meet-the-eumundi-school-rock-rockers/index.html]
[horizon-festival.lndo.site/sites/default/files/styles/teaser_box/public/Website-Feature-Tile-Template_60/index.jpg]
[horizon-festival.lndo.site/news/the-bunker-meet-the-grand-finalists/index.html]
[horizon-festival.lndo.site/sites/default/files/styles/teaser_box/public/93092Q_HF 2020_August_The Bunker_Insta_Timeline_1080x1080pxls_V02/index.jpg]
[horizon-festival.lndo.site/news/meet-the-dreggs/index.html]
[horizon-festival.lndo.site/sites/default/files/styles/teaser_box/public/Website-Feature-Tile-Template_59/index.jpg]
[horizon-festival.lndo.site/placeholder/index.html]
[horizon-festival.lndo.site/sites/default/files/styles/teaser_box/public/Placeholder/index.jpg]
[horizon-festival.lndo.site/sites/default/files/styles/teaser_box/public/Website-Feature-Tile-Template_58/index.jpg]
[horizon-festival.lndo.site/news/the-bunker-meet-hollie-mcnish/index.html]
[horizon-festival.lndo.site/news/meet-tricia-king/index.html]
[horizon-festival.lndo.site/sites/default/files/styles/teaser_box/public/Tricia/index.jpg]
[horizon-festival.lndo.site/news/meet-wayne-mcfetridge/index.html]
[horizon-festival.lndo.site/sites/default/files/styles/teaser_box/public/Website-Feature-Tile-Template_56/index.jpg]
[horizon-festival.lndo.site/news/meet-leah-barclay/index.html]
[horizon-festival.lndo.site/sites/default/files/styles/teaser_box/public/Website-Feature-Tile-Template_55/index.jpg]
[horizon-festival.lndo.site/news/meet-rosie-lloyd-giblett/index.html]
[horizon-festival.lndo.site/sites/default/files/styles/teaser_box/public/Website-Feature-Tile-Template_54/index.jpg]
[horizon-festival.lndo.site/news/meet-yanni-van-zijl/index.html]
[horizon-festival.lndo.site/sites/default/files/styles/teaser_box/public/Website-Feature-Tile-Template_52/index.jpg]
[horizon-festival.lndo.site/news/meet-helena-jackson-lloyd/index.html]
[horizon-festival.lndo.site/sites/default/files/styles/teaser_box/public/Website-Feature-Tile-Template_53/index.jpg]
[horizon-festival.lndo.site/news/the-bunker-meet-anthony-anaxagorou/index.html]
[horizon-festival.lndo.site/sites/default/files/styles/teaser_box/public/Website-Feature-Tile-Template_45/index.jpg]
[horizon-festival.lndo.site/news/plastic-belly-meet-courtney-itamar/index.html]
[horizon-festival.lndo.site/sites/default/files/styles/teaser_box/public/Scheu Freed Plastic Belly Profile2 (1)/index.jpg]
[horizon-festival.lndo.site/news/the-bunker-meet-sabrina-benaim/index.html]
[horizon-festival.lndo.site/sites/default/files/styles/teaser_box/public/Website-Feature-Tile-Template_41/index.jpg]
[horizon-festival.lndo.site/news/galaxy-suns-the-app/index.html]
[horizon-festival.lndo.site/sites/default/files/styles/teaser_box/public/A-Galaxy-of-Suns_newtile/index.jpg]
[horizon-festival.lndo.site/sites/default/files/styles/teaser_box/public/Website-Feature-Tile-Template_50/index.jpg]
[horizon-festival.lndo.site/sites/default/files/styles/teaser_box/public/Website-Feature-Tile-Template_51/index.jpg]
[horizon-festival.lndo.site/sites/default/files/styles/teaser_box/public/Website-Feature-Tile-Template_49/index.jpg]
[horizon-festival.lndo.site/sites/default/files/styles/teaser_box/public/Website-Feature-Tile-Template_44/index.jpg]
[horizon-festival.lndo.site/news/local-artist-series-timothy-birch/index.html]
[horizon-festival.lndo.site/sites/default/files/styles/teaser_box/public/Website-Feature-Tile-Template_25/index.jpg]
[horizon-festival.lndo.site/news/meet-michaela-gleave-galaxy-suns/index.html]
[horizon-festival.lndo.site/sites/default/files/styles/teaser_box/public/Michaela-Gleave_1/index.jpg]
[horizon-festival.lndo.site/homegrown/index.html]
[horizon-festival.lndo.site/sites/default/files/styles/teaser_box/public/Homegrown/index.jpg]
[horizon-festival.lndo.site/sites/default/files/styles/teaser_box/public/2020-Creative/index.jpg]
[horizon-festival.lndo.site/news/horizon-festival-2020-reimagined-in-response-to-covid-19/index.html]
[horizon-festival.lndo.site/thebunker/index.html]
[horizon-festival.lndo.site/news/index.html]
[horizon-festival.lndo.site/sites/default/files/styles/teaser_box/public/Website-Feature-Tile-Template_57/index.jpg]
[horizon-festival.lndo.site/node/187/index.html]
[horizon-festival.lndo.site/sites/default/files/sponsors/SCC_2014_Linear_BLK-70/index.jpg]
[horizon-festival.lndo.site/sites/default/files/sponsors/TEQ-logo_0/index.jpg]
[horizon-festival.lndo.site/sites/default/files/sponsors/CH-RCB_CH_BLACK-web/index.jpg]
[horizon-festival.lndo.site/sites/default/files/sponsors/Eventfinda-logo/index.jpg]
[horizon-festival.lndo.site/sites/default/files/sponsors/82744K_Horizon-Festival-2019_20-31-May_RADF-Logos-+-Text_Mono_V01-web_0/index.jpg]
[horizon-festival.lndo.site/sites/default/files/sponsors/USC_Logo_Transparent/index.jpg]
[horizon-festival.lndo.site/sites/default/files/sponsors/The-Various-Artists-Logo-Black/index.png]
[horizon-festival.lndo.site/sites/default/files/sponsors/Scenstar-logo/index.jpg]
[horizon-festival.lndo.site/sites/default/files/sponsors/KOC_horizontal_mono/index.jpg]
[horizon-festival.lndo.site/sites/default/files/sponsors/MixFM_LOGO_black and white_1_0/index.jpg]
[horizon-festival.lndo.site/our-partners/index.html]
[horizon-festival.lndo.site/sites/default/files/sponsors/SeaFM_LOGO_B&W/index.jpg]
[horizon-festival.lndo.site/node/759/index.html]
[horizon-festival.lndo.site/sites/default/files/DJI_0316-Pano/index.jpg]
[horizon-festival.lndo.site/media/index.html]
[horizon-festival.lndo.site/sites/default/files/styles/fullwidth/public/DJI_0316-Pano/index.jpg]
[horizon-festival.lndo.site/node/720/index.html]
[horizon-festival.lndo.site/contact-us/index.html]
[horizon-festival.lndo.site/node/978/index.html]
[horizon-festival.lndo.site/sites/default/files/DJI_0489-Pano_1/index.jpg]
[horizon-festival.lndo.site/news/about-open-air/index.html]
[horizon-festival.lndo.site/news/index/index.html]
[horizon-festival.lndo.site/node/977/index.html]
[horizon-festival.lndo.site/sites/default/files/HorizonFestival_Homegrown_1/index.jpg]
[horizon-festival.lndo.site/news/about-homegrown/index.html]
[horizon-festival.lndo.site/node/981/index.html]
[horizon-festival.lndo.site/sites/default/files/DawnAwakening052_HorizonFestival2018_BenVosProductions/index.jpg]
[horizon-festival.lndo.site/news/about-rewind/index.html]
[horizon-festival.lndo.site/node/980/index.html]
[horizon-festival.lndo.site/sites/default/files/Leah Barclay Acoustic Ecology/index.jpg]
[horizon-festival.lndo.site/news/about-words-ideas/index.html]
[horizon-festival.lndo.site/node/969/index.html]
[horizon-festival.lndo.site/sites/default/files/garidy-sanders--X1CDIau79o-unsplash/index.jpg]
[horizon-festival.lndo.site/sites/all/modules/contrib/lightbox2/css/lightbox/index.css]
[horizon-festival.lndo.site/sites/all/modules/contrib/lightbox2/js/lightbox/index.js]
[horizon-festival.lndo.site/sites/default/files/styles/responsive-tablet/public/ACOC-2/index.jpg]
[horizon-festival.lndo.site/sites/default/files/styles/responsive-tablet/public/ACOC-3/index.jpg]
[horizon-festival.lndo.site/sites/default/files/styles/responsive-tablet/public/ACOC-1/index.jpg]
[horizon-festival.lndo.site/sites/default/files/styles/responsive-tablet/public/ACOC-4/index.jpg]
[horizon-festival.lndo.site/whats-on/category/free/index.html]
[horizon-festival.lndo.site/whats-on/category/visual-art/index.html]
[horizon-festival.lndo.site/modules/file/icons/application-pdf/index.png]
[horizon-festival.lndo.site/file/4586/Love For Country - Kane Brunjes - print/index.pdf]
[horizon-festival.lndo.site/file/4587/Obsolete-Fuzeillear-print/index.pdf]
[horizon-festival.lndo.site/file/4595/The Power of Gratitude - Aaron Craig - print/index.pdf]
[horizon-festival.lndo.site/file/4596/Love Bug - Ashlee Becks - print/index.pdf]
[horizon-festival.lndo.site/event/climate-change/index.html]
[horizon-festival.lndo.site/node/972/index.html]
[horizon-festival.lndo.site/sites/default/files/Timothy Birch - Homegrown_Landscape/index.jpg]
[horizon-festival.lndo.site/sites/default/files/styles/responsive-tablet/public/What-Now-1_0/index.jpg]
[horizon-festival.lndo.site/sites/default/files/styles/responsive-tablet/public/Jandamarra/index.jpg]
[horizon-festival.lndo.site/sites/default/files/styles/responsive-tablet/public/Tammy/index.jpg]
[horizon-festival.lndo.site/sites/default/files/styles/responsive-tablet/public/Dave/index.jpg]
[horizon-festival.lndo.site/sites/default/files/styles/responsive-tablet/public/Niki/index.jpg]
[horizon-festival.lndo.site/whats-on/category/film/index.html]
[horizon-festival.lndo.site/sites/default/files/sponsors/RADF_Horizon_Ci_6/index.png]
[horizon-festival.lndo.site/event/what-now/index.html]
[horizon-festival.lndo.site/node/988/index.html]
[horizon-festival.lndo.site/sites/default/files/styles/responsive-tablet/public/Open-Air-Hero-1/index.jpg]
[horizon-festival.lndo.site/sites/default/files/styles/responsive-tablet/public/Open-Air-Hero-2/index.jpg]
[horizon-festival.lndo.site/sites/default/files/styles/responsive-tablet/public/Open-Air-Hero-3/index.jpg]
[horizon-festival.lndo.site/whats-on/category/music/index.html]
[horizon-festival.lndo.site/event/open-air-katie-noonan-louise-king/index.html]
[horizon-festival.lndo.site/node/1008/index.html]
[horizon-festival.lndo.site/sites/default/files/styles/responsive-tablet/public/DA-1/index.jpg]
[horizon-festival.lndo.site/sites/default/files/styles/responsive-tablet/public/DA-2/index.jpg]
[horizon-festival.lndo.site/sites/default/files/styles/responsive-tablet/public/DA-3/index.jpg]
[horizon-festival.lndo.site/whats-on/category/dance/index.html]
[horizon-festival.lndo.site/whats-on/category/first-nations/index.html]
[horizon-festival.lndo.site/sites/default/files/sponsors/RedChairLogoWithWebsite_Colour_Transparent_x200/index.png]
[horizon-festival.lndo.site/sites/default/files/sponsors/qld-corporate-identity/index.gif]
[horizon-festival.lndo.site/sites/default/files/sponsors/p194/index.png]
[horizon-festival.lndo.site/event/dawn-awakening/index.html]
[horizon-festival.lndo.site/node/1007/index.html]
[horizon-festival.lndo.site/sites/default/files/styles/responsive-tablet/public/The-Dreggs-2/index.jpg]
[horizon-festival.lndo.site/sites/default/files/styles/responsive-tablet/public/The-Dreggs-3/index.jpg]
[horizon-festival.lndo.site/sites/default/files/styles/responsive-tablet/public/The-Dreggs-1/index.jpg]
[horizon-festival.lndo.site/event/open-air-the-dreggs/index.html]
[horizon-festival.lndo.site/node/1010/index.html]
[horizon-festival.lndo.site/sites/default/files/styles/responsive-tablet/public/T-1/index.jpg]
[horizon-festival.lndo.site/sites/default/files/styles/responsive-tablet/public/T-2/index.jpg]
[horizon-festival.lndo.site/sites/default/files/styles/responsive-tablet/public/T-3/index.jpg]
[horizon-festival.lndo.site/sites/default/files/sponsors/RADF_Horizon_Ci_0/index.png]
[horizon-festival.lndo.site/event/transience/index.html]
[horizon-festival.lndo.site/node/1011/index.html]
[horizon-festival.lndo.site/sites/default/files/styles/responsive-tablet/public/Blak-Social-2/index.jpg]
[horizon-festival.lndo.site/sites/default/files/styles/responsive-tablet/public/Blak-Social-1/index.jpg]
[horizon-festival.lndo.site/sites/default/files/styles/responsive-tablet/public/BS-2/index.jpg]
[horizon-festival.lndo.site/sites/default/files/styles/responsive-tablet/public/Blak-Social-3/index.jpg]
[horizon-festival.lndo.site/sites/default/files/styles/responsive-tablet/public/Blak-Social-4/index.jpg]
[horizon-festival.lndo.site/sites/default/files/sponsors/BS+LOGO+LANDSCAPE+TRANSPARENTsmall/index.png]
[horizon-festival.lndo.site/event/blak-social/index.html]
[horizon-festival.lndo.site/sites/default/files/styles/responsive-tablet/public/Trace/index.jpg]
[horizon-festival.lndo.site/node/1009/index.html]
[horizon-festival.lndo.site/sites/default/files/styles/responsive-tablet/public/Trace_0/index.jpg]
[horizon-festival.lndo.site/event/trace/index.html]
[horizon-festival.lndo.site/node/1025/index.html]
[horizon-festival.lndo.site/news/meet-our-placeholder-peoples-choice-winner/index.html]
[horizon-festival.lndo.site/sites/default/files/styles/responsive-tablet/public/Placeholder-mockup7_0/index.jpg]
[horizon-festival.lndo.site/node/1023/index.html]
[horizon-festival.lndo.site/news/get-ready-to-rock/index.html]
[horizon-festival.lndo.site/node/1021/index.html]
[horizon-festival.lndo.site/news/meet-manning-daly/index.html]
[horizon-festival.lndo.site/sites/default/files/styles/responsive-tablet/public/ManningDaly300/index.jpg]
[horizon-festival.lndo.site/node/1019/index.html]
[horizon-festival.lndo.site/sites/default/files/styles/responsive-tablet/public/Placeholder-mockup/index.jpg]
[horizon-festival.lndo.site/news/meet-our-placeholder-winner/index.html]
[horizon-festival.lndo.site/sites/all/themes/melon/dist/images/partner-logos/Sunshine-Coast-Council-logo/index.svg]
[horizon-festival.lndo.site/node/755/index.html]
[horizon-festival.lndo.site/terms-use/index.html]
[horizon-festival.lndo.site/image-policy/index.html]
[horizon-festival.lndo.site/node/606/index.html]
[horizon-festival.lndo.site/privacy-policy/index.html]
[horizon-festival.lndo.site/sites/all/themes/melon/dist/images/ajax-loader/index.html]
[horizon-festival.lndo.site/sites/all/themes/melon/dist/images/icons/icon-caret-down-solid/index.svg]
[horizon-festival.lndo.site/node/754/index.html]
[horizon-festival.lndo.site/sites/all/libraries/chosen/chosen-sprite/index.png]
[horizon-festival.lndo.site/sites/all/libraries/chosen/chosen/index.css]
[horizon-festival.lndo.site/sites/all/modules/contrib/chosen/css/chosen-drupal/index.css]
[horizon-festival.lndo.site/sites/all/libraries/chosen/chosen-sprite@2x/index.png]
[horizon-festival.lndo.site/node/979/index.html]
[horizon-festival.lndo.site/sites/default/files/Website-Hero-Template-2_4/index.jpg]
[horizon-festival.lndo.site/sites/default/files/styles/responsive-tablet/public/Website-Hero-Template-2_4/index.jpg]
[horizon-festival.lndo.site/sites/default/files/styles/responsive-tablet/public/Website-Hero-Template_17/index.jpg]
[horizon-festival.lndo.site/sites/default/files/styles/responsive-tablet/public/Website-Hero-Template-1_2/index.jpg]
[horizon-festival.lndo.site/event/open-air-deline-briscoe/index.html]
[horizon-festival.lndo.site/node/967/index.html]
[horizon-festival.lndo.site/sites/default/files/Galaxy-1/index.jpg]
[horizon-festival.lndo.site/sites/all/modules/contrib/styled_google_map/lib/infobubble/index.js]
[horizon-festival.lndo.site/sites/all/modules/custom/horizon/js/styled-google-map/index.js]
[horizon-festival.lndo.site/sites/default/files/styles/responsive-tablet/public/Galaxy-1/index.jpg]
[horizon-festival.lndo.site/sites/default/files/styles/responsive-tablet/public/Galaxy-2/index.jpg]
[horizon-festival.lndo.site/sites/default/files/styles/responsive-tablet/public/Galaxy-3/index.jpg]
[horizon-festival.lndo.site/whats-on/category/art-tech/index.html]
[horizon-festival.lndo.site/node/982/index.html]
[horizon-festival.lndo.site/sites/default/files/sponsors/Experimenta - cropped_0/index.jpg]
[horizon-festival.lndo.site/sites/default/files/sponsors/Australia Council for the Arts/index.png]
[horizon-festival.lndo.site/sites/default/files/sponsors/Arts NSW/index.png]
[horizon-festival.lndo.site/event/galaxy-suns/index.html]
[horizon-festival.lndo.site/node/970/index.html]
[horizon-festival.lndo.site/sites/default/files/SabrinaBenaim_TheBunker-HeatOne_HorizonFestival2020/index.jpg]
[horizon-festival.lndo.site/sites/default/files/styles/responsive-tablet/public/The-Bunker-1/index.jpg]
[horizon-festival.lndo.site/sites/default/files/styles/responsive-tablet/public/Website-Hero-Template_20/index.jpg]
[horizon-festival.lndo.site/sites/default/files/styles/responsive-tablet/public/The-Bunker-2/index.jpg]
[horizon-festival.lndo.site/whats-on/category/words-ideas/index.html]
[horizon-festival.lndo.site/sites/default/files/sponsors/TheBunker_Black/index.png]
[horizon-festival.lndo.site/sites/default/files/sponsors/Imperial Hotel LOGO 2 a/index.png]
[horizon-festival.lndo.site/sites/default/files/sponsors/FL Logo Landscape Black jpeg_1/index.jpg]
[horizon-festival.lndo.site/sites/default/files/sponsors/RADF_Horizon_Ci_8/index.png]
[horizon-festival.lndo.site/event/bunker-down-speak-out-heat-1/index.html]
[horizon-festival.lndo.site/node/971/index.html]
[horizon-festival.lndo.site/sites/default/files/Scheu Freed Plastic Belly 16/index.jpg]
[horizon-festival.lndo.site/sites/default/files/styles/responsive-tablet/public/Website-Hero-Template-1_3/index.jpg]
[horizon-festival.lndo.site/sites/default/files/styles/responsive-tablet/public/Website-Hero-Template_19/index.jpg]
[horizon-festival.lndo.site/sites/default/files/styles/responsive-tablet/public/Website-Hero-Template-2_5/index.jpg]
[horizon-festival.lndo.site/sites/default/files/sponsors/RADF_Horizon_Ci_7/index.png]
[horizon-festival.lndo.site/event/plastic-belly/index.html]
[horizon-festival.lndo.site/node/968/index.html]
[horizon-festival.lndo.site/sites/default/files/AxA/index.jpg]
[horizon-festival.lndo.site/sites/default/files/styles/responsive-tablet/public/Art-Activism-1/index.jpg]
[horizon-festival.lndo.site/sites/default/files/styles/responsive-tablet/public/Art-Activism-2/index.jpg]
[horizon-festival.lndo.site/sites/default/files/styles/responsive-tablet/public/Art-Activism-4/index.jpg]
[horizon-festival.lndo.site/sites/default/files/styles/responsive-tablet/public/Art-Activism-5/index.jpg]
[horizon-festival.lndo.site/sites/default/files/styles/responsive-tablet/public/Art-Activism-6/index.jpg]
[horizon-festival.lndo.site/event/art-x-activism/index.html]
[horizon-festival.lndo.site/node/994/index.html]
[horizon-festival.lndo.site/sites/default/files/events/FIMP-1/index.jpg]
[horizon-festival.lndo.site/sites/default/files/styles/responsive-tablet/public/FIMP-2_0/index.jpg]
[horizon-festival.lndo.site/sites/default/files/styles/responsive-tablet/public/events/FIMP-1/index.jpg]
[horizon-festival.lndo.site/sites/default/files/styles/responsive-tablet/public/FIMP-3/index.jpg]
[horizon-festival.lndo.site/whats-on/category/family/index.html]
[horizon-festival.lndo.site/file/4673/Image1/index.pdf]
[horizon-festival.lndo.site/file/4674/Image2/index.pdf]
[horizon-festival.lndo.site/file/4675/Image3/index.pdf]
[horizon-festival.lndo.site/file/4676/Instructions/index.pdf]
[horizon-festival.lndo.site/sites/default/files/styles/responsive-tablet/public/qr-code (3)/index.png]
[horizon-festival.lndo.site/sites/default/files/sponsors/EyeJack_logo-03/index.png]
[horizon-festival.lndo.site/sites/default/files/sponsors/KOC_horizontal_mono-01/index.png]
[horizon-festival.lndo.site/forest-pocket/index.html]
[horizon-festival.lndo.site/node/989/index.html]
[horizon-festival.lndo.site/sites/default/files/styles/responsive-tablet/public/Website-Hero-Template_7/index.jpg]
[horizon-festival.lndo.site/sites/default/files/styles/responsive-tablet/public/Website-Hero-Template-2_0/index.jpg]
[horizon-festival.lndo.site/sites/default/files/styles/responsive-tablet/public/Website-Hero-Template-3/index.jpg]
[horizon-festival.lndo.site/sites/default/files/sponsors/SCC_2014_Linear_BLK-70_1/index.jpg]
[horizon-festival.lndo.site/news/meet-the-elements-artists.146/index.delayed]
[horizon-festival.lndo.site/event/elements/index.html]
[horizon-festival.lndo.site/sites/default/files/styles/teaser_box/public/Meet-Elements-Artists/index.jpg]
[horizon-festival.lndo.site/node/990/index.html]
[horizon-festival.lndo.site/sites/default/files/styles/responsive-tablet/public/Website-Hero-Template_8/index.jpg]
[horizon-festival.lndo.site/sites/default/files/styles/responsive-tablet/public/Website-Hero-Template-2_1/index.jpg]
[horizon-festival.lndo.site/sites/default/files/styles/responsive-tablet/public/Website-Hero-Template-3_0/index.jpg]
[horizon-festival.lndo.site/event/bunker-down-speak-out-heat-2/index.html]
[horizon-festival.lndo.site/sites/default/files/sponsors/RADF_Horizon_Ci_2/index.png]
[horizon-festival.lndo.site/node/987/index.html]
[horizon-festival.lndo.site/sites/default/files/styles/responsive-tablet/public/LITW-4/index.jpg]
[horizon-festival.lndo.site/sites/default/files/styles/responsive-tablet/public/LITW-1/index.jpg]
[horizon-festival.lndo.site/sites/default/files/styles/responsive-tablet/public/LITW-2/index.jpg]
[horizon-festival.lndo.site/sites/default/files/styles/responsive-tablet/public/LITW-3/index.jpg]
[horizon-festival.lndo.site/event/listening-in-the-wild/index.html]
[horizon-festival.lndo.site/node/991/index.html]
[horizon-festival.lndo.site/sites/default/files/styles/responsive-tablet/public/Website-Hero-Template_10/index.jpg]
[horizon-festival.lndo.site/sites/default/files/styles/responsive-tablet/public/Website-Hero-Template_11/index.jpg]
[horizon-festival.lndo.site/event/parametric/index.html]
[horizon-festival.lndo.site/node/995/index.html]
[horizon-festival.lndo.site/sites/default/files/styles/responsive-tablet/public/Love-Notes-Hero-2/index.jpg]
[horizon-festival.lndo.site/sites/default/files/styles/responsive-tablet/public/Love-Notes-Hero-1/index.jpg]
[horizon-festival.lndo.site/sites/default/files/styles/responsive-tablet/public/Love-Notes-Hero-3/index.jpg]
[horizon-festival.lndo.site/sites/default/files/styles/responsive-tablet/public/Love-Notes-Hero-4_0/index.jpg]
[horizon-festival.lndo.site/sites/default/files/styles/responsive-tablet/public/Love-Notes-Hero-5/index.jpg]
[horizon-festival.lndo.site/sites/default/files/styles/responsive-tablet/public/8/index.jpg]
[horizon-festival.lndo.site/sites/default/files/styles/responsive-tablet/public/6_0/index.jpg]
[horizon-festival.lndo.site/sites/default/files/styles/responsive-tablet/public/2/index.jpg]
[horizon-festival.lndo.site/sites/default/files/styles/responsive-tablet/public/7/index.jpg]
[horizon-festival.lndo.site/sites/default/files/styles/responsive-tablet/public/3/index.jpg]
[horizon-festival.lndo.site/sites/default/files/styles/responsive-tablet/public/5_1/index.jpg]
[horizon-festival.lndo.site/sites/default/files/styles/responsive-tablet/public/_-207/index.jpg]
[horizon-festival.lndo.site/sites/default/files/sponsors/RADF_Horizon_Ci_4/index.png]
[horizon-festival.lndo.site/event/love-note-to-the-landscape/index.html]
[horizon-festival.lndo.site/node/996/index.html]
[horizon-festival.lndo.site/sites/default/files/FieltTripPathHero_0/index.jpg]
[horizon-festival.lndo.site/sites/default/files/styles/responsive-tablet/public/FieltTripPathHero_0/index.jpg]
[horizon-festival.lndo.site/whats-on/category/industry/index.html]
[horizon-festival.lndo.site/sites/default/files/sponsors/download/index.jpg]
[horizon-festival.lndo.site/sites/default/files/sponsors/download (1)/index.png]
[horizon-festival.lndo.site/sites/default/files/sponsors/14448981_162307054217975_2114506944904267398_n/index.png]
[horizon-festival.lndo.site/event/field-trip/index.html]
[horizon-festival.lndo.site/node/1012/index.html]
[horizon-festival.lndo.site/sites/default/files/styles/responsive-tablet/public/Coast-to-Coast-9/index.jpg]
[horizon-festival.lndo.site/sites/default/files/styles/responsive-tablet/public/Coast-to-Coast-2/index.jpg]
[horizon-festival.lndo.site/sites/default/files/styles/responsive-tablet/public/Coast-to-Coast-1_0/index.jpg]
[horizon-festival.lndo.site/sites/default/files/styles/responsive-tablet/public/Coast-to-Coast-3/index.jpg]
[horizon-festival.lndo.site/sites/default/files/styles/responsive-tablet/public/Coast-to-Coast-4_0/index.jpg]
[horizon-festival.lndo.site/sites/default/files/styles/responsive-tablet/public/Coast-to-Coast-5/index.jpg]
[horizon-festival.lndo.site/sites/default/files/styles/responsive-tablet/public/Coast-to-Coast-6/index.jpg]
[horizon-festival.lndo.site/sites/default/files/styles/responsive-tablet/public/Coast-to-Coast-7/index.jpg]
[horizon-festival.lndo.site/sites/default/files/styles/responsive-tablet/public/Coast-to-Coast-8/index.jpg]
[horizon-festival.lndo.site/event/coast-to-coast/index.html]
[horizon-festival.lndo.site/sites/default/files/sponsors/Logo/index.png]
[horizon-festival.lndo.site/node/1003/index.html]
[horizon-festival.lndo.site/sites/default/files/styles/responsive-tablet/public/93092Q_HF 2020_August_The Bunker_Web_Timeline_2000x1125pxls_www32/index.jpg]
[horizon-festival.lndo.site/sites/default/files/styles/responsive-tablet/public/Website-Hero-Template-2_3/index.jpg]
[horizon-festival.lndo.site/event/bunker-down-speak-out-grand-final/index.html]
[horizon-festival.lndo.site/node/1020/index.html]
[horizon-festival.lndo.site/sites/default/files/styles/responsive-tablet/public/Placeholder-mockup2/index.jpg]
[horizon-festival.lndo.site/sites/default/files/styles/responsive-tablet/public/Placeholder-mockup4/index.jpg]
[horizon-festival.lndo.site/sites/default/files/styles/responsive-tablet/public/Placeholder-mockup3/index.jpg]
[horizon-festival.lndo.site/sites/default/files/styles/responsive-tablet/public/Placeholder-mockup10/index.jpg]
[horizon-festival.lndo.site/sites/default/files/styles/responsive-tablet/public/Placeholder-mockup5/index.jpg]
[horizon-festival.lndo.site/sites/default/files/styles/responsive-tablet/public/Placeholder-mockup6/index.jpg]
[horizon-festival.lndo.site/sites/default/files/styles/responsive-tablet/public/Placeholder-mockup7/index.jpg]
[horizon-festival.lndo.site/sites/default/files/styles/responsive-tablet/public/Placeholder-mockup8/index.jpg]
[horizon-festival.lndo.site/sites/default/files/styles/responsive-tablet/public/Placeholder-mockup11/index.jpg]
[horizon-festival.lndo.site/sites/default/files/styles/responsive-tablet/public/Placeholder-mockup9/index.jpg]
[horizon-festival.lndo.site/event/placeholder-peoples-choice/index.html]
[horizon-festival.lndo.site/node/993/index.html]
[horizon-festival.lndo.site/sites/default/files/Website-Hero-Template_12/index.jpg]
[horizon-festival.lndo.site/sites/default/files/styles/responsive-tablet/public/93095P_Horizon Festival_2020_July_ESOR_web tile_1170x504pxls_www2/index.jpg]
[horizon-festival.lndo.site/sites/default/files/styles/responsive-tablet/public/Website-Hero-Template_12/index.jpg]
[horizon-festival.lndo.site/sites/default/files/styles/responsive-tablet/public/Website-Hero-Template-2_2/index.jpg]
[horizon-festival.lndo.site/sites/default/files/styles/responsive-tablet/public/Website-Hero-Template-3_1/index.jpg]
[horizon-festival.lndo.site/sites/default/files/sponsors/logo 2/index.jpg]
[horizon-festival.lndo.site/sites/default/files/sponsors/Logo-with-more- white-border-for-FB/index.jpg]
[horizon-festival.lndo.site/sites/default/files/sponsors/SCC_2014_Linear_BLK-70_0/index.jpg]
[horizon-festival.lndo.site/sites/default/files/sponsors/SN/index.jpg]
[horizon-festival.lndo.site/sites/default/files/sponsors/raf_logo_2007_in_line/index.jpg]
[horizon-festival.lndo.site/sites/default/files/sponsors/Flying Arts Logo Colour - jpg/index.jpg]
[horizon-festival.lndo.site/school-of-rock/index.html]
[horizon-festival.lndo.site/node/965/index.html]
[horizon-festival.lndo.site/node/756/index.html]
[horizon-festival.lndo.site/node/1018/index.html]
[horizon-festival.lndo.site/sites/default/files/ESOR19_media_045/index.jpg]
[horizon-festival.lndo.site/sites/default/files/styles/fullwidth/public/ESOR19_media_045/index.jpg]
[horizon-festival.lndo.site/news/meet-the-eumundi-school-rock-rockers/index.html]
[horizon-festival.lndo.site/node/1017/index.html]
[horizon-festival.lndo.site/sites/default/files/styles/responsive-tablet/public/Gil Douglas_0/index.jpg]
[horizon-festival.lndo.site/sites/default/files/styles/responsive-tablet/public/Damien Becker/index.jpg]
[horizon-festival.lndo.site/sites/default/files/styles/responsive-tablet/public/Ren Alessandra/index.jpg]
[horizon-festival.lndo.site/sites/default/files/styles/responsive-tablet/public/Lincoln Lally/index.jpg]
[horizon-festival.lndo.site/sites/default/files/styles/responsive-tablet/public/REID Caroline_by Clare Hawley/index.jpg]
[horizon-festival.lndo.site/sites/default/files/styles/responsive-tablet/public/Ben Burns_0/index.jpg]
[horizon-festival.lndo.site/sites/default/files/styles/responsive-tablet/public/Dylan Barrett/index.jpg]
[horizon-festival.lndo.site/sites/default/files/styles/responsive-tablet/public/Dave Knobel/index.jpg]
[horizon-festival.lndo.site/sites/default/files/styles/responsive-tablet/public/Scott-Patrick Mitchell photo credit David Cox Media/index.jpg]
[horizon-festival.lndo.site/sites/default/files/styles/responsive-tablet/public/Amy Geraghty/index.jpg]
[horizon-festival.lndo.site/news/the-bunker-meet-the-grand-finalists/index.html]
[horizon-festival.lndo.site/node/1016/index.html]
[horizon-festival.lndo.site/sites/default/files/styles/responsive-tablet/public/_private_var_mobile_Containers_Data_Application_D92937F8-B5EC-45F2-9DC4-C793B840F302_tmp_4EEE47EA-2D0B-4A15-8490-634F7F5CDD13_Image (1)/index.jpg]
[horizon-festival.lndo.site/news/meet-the-dreggs/index.html]
[horizon-festival.lndo.site/node/1014/index.html]
[horizon-festival.lndo.site/sites/default/files/nong-vang-9pw4TKvT3po-unsplash_0/index.jpg]
[horizon-festival.lndo.site/sites/default/files/styles/fullwidth/public/nong-vang-9pw4TKvT3po-unsplash_0/index.jpg]
[horizon-festival.lndo.site/placeholder/index.html]
[horizon-festival.lndo.site/node/1006/index.html]
[horizon-festival.lndo.site/sites/default/files/styles/responsive-tablet/public/IMG_4745/index.jpg]
[horizon-festival.lndo.site/news/the-bunker-meet-hollie-mcnish/index.html]
[horizon-festival.lndo.site/node/1005/index.html]
[horizon-festival.lndo.site/sites/default/files/styles/responsive-tablet/public/Headshot/index.jpg]
[horizon-festival.lndo.site/news/meet-tricia-king/index.html]
[horizon-festival.lndo.site/news/meet-wayne-mcfetridge/index.html]
[horizon-festival.lndo.site/node/1002/index.html]
[horizon-festival.lndo.site/node/1001/index.html]
[horizon-festival.lndo.site/sites/default/files/styles/responsive-tablet/public/LITW_LR-116/index.jpg]
[horizon-festival.lndo.site/sites/default/files/styles/responsive-tablet/public/LITW_LR-180/index.jpg]
[horizon-festival.lndo.site/sites/default/files/styles/responsive-tablet/public/LITW_LR-175/index.jpg]
[horizon-festival.lndo.site/sites/default/files/styles/responsive-tablet/public/LITW_LR-059/index.jpg]
[horizon-festival.lndo.site/news/meet-leah-barclay/index.html]
[horizon-festival.lndo.site/news/meet-rosie-lloyd-giblett/index.html]
[horizon-festival.lndo.site/node/999/index.html]
[horizon-festival.lndo.site/news/meet-yanni-van-zijl/index.html]
[horizon-festival.lndo.site/node/998/index.html]
[horizon-festival.lndo.site/news/meet-helena-jackson-lloyd/index.html]
[horizon-festival.lndo.site/node/997/index.html]
[horizon-festival.lndo.site/node/986/index.html]
[horizon-festival.lndo.site/sites/default/files/anthony-anaxagorou 1_0/index.jpg]
[horizon-festival.lndo.site/sites/default/files/styles/fullwidth/public/anthony-anaxagorou 1_0/index.jpg]
[horizon-festival.lndo.site/news/the-bunker-meet-anthony-anaxagorou/index.html]
[horizon-festival.lndo.site/node/984/index.html]
[horizon-festival.lndo.site/news/plastic-belly-meet-courtney-itamar/index.html]
[horizon-festival.lndo.site/node/983/index.html]
[horizon-festival.lndo.site/sites/default/files/BadassSab-57_3/index.jpg]
[horizon-festival.lndo.site/sites/default/files/styles/fullwidth/public/BadassSab-57_3/index.jpg]
[horizon-festival.lndo.site/news/the-bunker-meet-sabrina-benaim/index.html]
[horizon-festival.lndo.site/sites/default/files/styles/responsive-tablet/public/BadassSab-57_0/index.jpg]
[horizon-festival.lndo.site/sites/default/files/A-Galaxy-of-Suns---AppHero/index.jpg]
[horizon-festival.lndo.site/sites/default/files/styles/fullwidth/public/A-Galaxy-of-Suns---AppHero/index.jpg]
[horizon-festival.lndo.site/sites/default/files/styles/responsive-tablet/public/A Galaxy of Suns - App Image/index.jpg]
[horizon-festival.lndo.site/news/galaxy-suns-the-app/index.html]
[horizon-festival.lndo.site/node/939/index.html]
[horizon-festival.lndo.site/sites/default/files/styles/responsive-tablet/public/Self Portrait (Full)/index.jpg]
[horizon-festival.lndo.site/sites/default/files/styles/responsive-tablet/public/Maroochydore Mural Detail 1/index.jpg]
[horizon-festival.lndo.site/sites/default/files/styles/responsive-tablet/public/Lacuna Paint Detail 1/index.jpg]
[horizon-festival.lndo.site/sites/default/files/styles/responsive-tablet/public/Popularity Contest/index.jpg]
[horizon-festival.lndo.site/news/local-artist-series-timothy-birch/index.html]
[horizon-festival.lndo.site/sites/default/files/styles/responsive-tablet/public/Maroochydore Mural Detail 2/index.jpg]
[horizon-festival.lndo.site/node/863/index.html]
[horizon-festival.lndo.site/sites/default/files/styles/responsive-tablet/public/Hawaii_ZalKP (8 of 36)/index.jpg]
[horizon-festival.lndo.site/sites/default/files/styles/responsive-tablet/public/Credit_LucyParakhina_01/index.jpg]
[horizon-festival.lndo.site/news/meet-michaela-gleave-galaxy-suns/index.html]
[horizon-festival.lndo.site/sites/default/files/Homegrown_Web_0/index.jpg]
[horizon-festival.lndo.site/node/964/index.html]
[horizon-festival.lndo.site/sites/default/files/styles/fullwidth/public/Homegrown_Web_0/index.jpg]
[horizon-festival.lndo.site/sites/default/files/styles/responsive-tablet/public/sponsors/RADF_Horizon_Ci/index.png]
[horizon-festival.lndo.site/homegrown/index.html]
[horizon-festival.lndo.site/node/961/index.html]
[horizon-festival.lndo.site/news/horizon-festival-2020-reimagined-in-response-to-covid-19/index.html]
[horizon-festival.lndo.site/node/946/index.html]
[horizon-festival.lndo.site/sites/default/files/styles/responsive-tablet/public/Logo Lock-up/index.png]
[horizon-festival.lndo.site/thebunker/index.html]
[horizon-festival.lndo.site/node/187/index.html]
[horizon-festival.lndo.site/node/759/index.html]
[horizon-festival.lndo.site/node/720/index.html]
[horizon-festival.lndo.site/node/978/index.html]
[horizon-festival.lndo.site/news/index/index.html]
[horizon-festival.lndo.site/node/977/index.html]
[horizon-festival.lndo.site/node/981/index.html]
[horizon-festival.lndo.site/node/980/index.html]
[horizon-festival.lndo.site/node/969/index.html]
[horizon-festival.lndo.site/sites/all/modules/contrib/lightbox2/images/blank/index.gif]
[horizon-festival.lndo.site/sites/all/modules/contrib/lightbox2/images/prev/index.gif]
[horizon-festival.lndo.site/sites/all/modules/contrib/lightbox2/images/next/index.gif]
[horizon-festival.lndo.site/sites/all/modules/contrib/lightbox2/images/prev_hover/index.gif]
[horizon-festival.lndo.site/sites/all/modules/contrib/lightbox2/images/next_hover/index.gif]
[horizon-festival.lndo.site/sites/all/modules/contrib/lightbox2/images/overlay/index.png]
[horizon-festival.lndo.site/sites/all/modules/contrib/lightbox2/images/close/index.gif]
[horizon-festival.lndo.site/sites/all/modules/contrib/lightbox2/images/loading/index.gif]
[horizon-festival.lndo.site/sites/all/modules/contrib/lightbox2/images/expand/index.gif]
[horizon-festival.lndo.site/sites/all/modules/contrib/lightbox2/images/contract/index.gif]
[horizon-festival.lndo.site/sites/all/modules/contrib/lightbox2/images/play/index.png]
[horizon-festival.lndo.site/sites/all/modules/contrib/lightbox2/images/pause/index.png]
[horizon-festival.lndo.site/sites/all/modules/contrib/lightbox2/css/lightbox/index.css]
[horizon-festival.lndo.site/taxonomy/term/49/feed/index.html]
[horizon-festival.lndo.site/taxonomy/term/49/index.html]
[horizon-festival.lndo.site/whats-on/category/free/index1.html]
[horizon-festival.lndo.site/whats-on/category/free/index2.html]
[horizon-festival.lndo.site/whats-on/category/free/index.html]
[horizon-festival.lndo.site/taxonomy/term/27/feed/index.html]
[horizon-festival.lndo.site/taxonomy/term/27/index.html]
[horizon-festival.lndo.site/whats-on/category/visual-art/index.html]
[horizon-festival.lndo.site/node/972/index.html]
[horizon-festival.lndo.site/whats-on/category/visual-art/index1.html]
[horizon-festival.lndo.site/taxonomy/term/30/feed/index.html]
[horizon-festival.lndo.site/taxonomy/term/30/index.html]
[horizon-festival.lndo.site/whats-on/category/film/index.html]
[horizon-festival.lndo.site/node/988/index.html]
[horizon-festival.lndo.site/taxonomy/term/28/feed/index.html]
[horizon-festival.lndo.site/taxonomy/term/28/index.html]
[horizon-festival.lndo.site/whats-on/category/music/index.html]
[horizon-festival.lndo.site/node/1008/index.html]
[horizon-festival.lndo.site/taxonomy/term/66/feed/index.html]
[horizon-festival.lndo.site/taxonomy/term/66/index.html]
[horizon-festival.lndo.site/whats-on/category/dance/index.html]
[horizon-festival.lndo.site/taxonomy/term/38/feed/index.html]
[horizon-festival.lndo.site/whats-on/category/first-nations/index.html]
[horizon-festival.lndo.site/node/1007/index.html]
[horizon-festival.lndo.site/node/1010/index.html]
[horizon-festival.lndo.site/node/1011/index.html]
[horizon-festival.lndo.site/node/1009/index.html]
[horizon-festival.lndo.site/node/1025/index.html]
[horizon-festival.lndo.site/node/1023/index.html]
[horizon-festival.lndo.site/node/1021/index.html]
[horizon-festival.lndo.site/node/1019/index.html]
[horizon-festival.lndo.site/node/755/index.html]
[horizon-festival.lndo.site/node/606/index.html]
[horizon-festival.lndo.site/node/754/index.html]
[horizon-festival.lndo.site/node/979/index.html]
[horizon-festival.lndo.site/node/967/index.html]
[horizon-festival.lndo.site/taxonomy/term/38/index.html]
[horizon-festival.lndo.site/taxonomy/term/35/feed/index.html]
[horizon-festival.lndo.site/whats-on/category/art-tech/index.html]
[horizon-festival.lndo.site/node/982/index.html]
[horizon-festival.lndo.site/node/970/index.html]
[horizon-festival.lndo.site/taxonomy/term/35/index.html]
[horizon-festival.lndo.site/taxonomy/term/32/feed/index.html]
[horizon-festival.lndo.site/taxonomy/term/32/index.html]
[horizon-festival.lndo.site/whats-on/category/words-ideas/index.html]
[horizon-festival.lndo.site/node/971/index.html]
[horizon-festival.lndo.site/node/968/index.html]
[horizon-festival.lndo.site/node/994/index.html]
[horizon-festival.lndo.site/taxonomy/term/39/feed/index.html]
[horizon-festival.lndo.site/taxonomy/term/39/index.html]
[horizon-festival.lndo.site/whats-on/category/family/index.html]
[horizon-festival.lndo.site/node/989/index.html]
[horizon-festival.lndo.site/news/meet-the-elements-artists/index.html]
[horizon-festival.lndo.site/node/990/index.html]
[horizon-festival.lndo.site/node/987/index.html]
[horizon-festival.lndo.site/node/991/index.html]
[horizon-festival.lndo.site/node/995/index.html]
[horizon-festival.lndo.site/node/996/index.html]
[horizon-festival.lndo.site/taxonomy/term/50/feed/index.html]
[horizon-festival.lndo.site/whats-on/category/industry/index.html]
[horizon-festival.lndo.site/node/1012/index.html]
[horizon-festival.lndo.site/node/1003/index.html]
[horizon-festival.lndo.site/node/1020/index.html]
[horizon-festival.lndo.site/node/993/index.html]
[horizon-festival.lndo.site/node/1018/index.html]
[horizon-festival.lndo.site/node/1017/index.html]
[horizon-festival.lndo.site/node/1016/index.html]
[horizon-festival.lndo.site/node/1014/index.html]
[horizon-festival.lndo.site/node/1006/index.html]
[horizon-festival.lndo.site/node/1005/index.html]
[horizon-festival.lndo.site/node/1002/index.html]
[horizon-festival.lndo.site/node/1001/index.html]
[horizon-festival.lndo.site/node/999/index.html]
[horizon-festival.lndo.site/node/998/index.html]
[horizon-festival.lndo.site/node/997/index.html]
[horizon-festival.lndo.site/node/986/index.html]
[horizon-festival.lndo.site/node/984/index.html]
[horizon-festival.lndo.site/node/983/index.html]
[horizon-festival.lndo.site/taxonomy/term/50/index.html]
[horizon-festival.lndo.site/node/939/index.html]
[horizon-festival.lndo.site/node/863/index.html]
[horizon-festival.lndo.site/node/964/index.html]
[horizon-festival.lndo.site/node/961/index.html]
[horizon-festival.lndo.site/node/946/index.html]
[horizon-festival.lndo.site/taxonomy/term/49/index.html]
[horizon-festival.lndo.site/whats-on/category/free/index1.html]
[horizon-festival.lndo.site/whats-on/category/free/index2.html]
[horizon-festival.lndo.site/taxonomy/term/27/index.html]
[horizon-festival.lndo.site/whats-on/category/visual-art/index1.html]
[horizon-festival.lndo.site/taxonomy/term/30/index.html]
[horizon-festival.lndo.site/taxonomy/term/28/index.html]
[horizon-festival.lndo.site/taxonomy/term/66/index.html]
[horizon-festival.lndo.site/taxonomy/term/38/index.html]
[horizon-festival.lndo.site/taxonomy/term/35/index.html]
[horizon-festival.lndo.site/taxonomy/term/32/index.html]
[horizon-festival.lndo.site/taxonomy/term/39/index.html]
[horizon-festival.lndo.site/taxonomy/term/50/index.html]
